=== Fish case study, long windows / ablations [LSF] ===
Host:    gpu16
JobID:   694253  index 4
Started: Tue Jul 14 04:54:23 AM EDT 2026
NVIDIA H100 PCIe, 81559 MiB

GRU baseline, T=128, device cuda, 13 group statistics per event

  fold 0: building group-state sequences ...
    155659 params, 12328 train windows
    epoch  0  val_acc 0.6056  (2s)
    epoch  5  val_acc 0.8261  (1s)
    epoch 10  val_acc 0.8758  (1s)
    epoch 15  val_acc 0.9394  (1s)
    epoch 20  val_acc 0.9612  (1s)
    epoch 25  val_acc 0.9627  (1s)
    epoch 30  val_acc 0.9689  (1s)
    epoch 35  val_acc 0.9596  (1s)
    epoch 39  val_acc 0.9519  (1s)
    early stop at epoch 39
    val 0.9783   test 0.9768   temperature 0.688

  fold 1: building group-state sequences ...
    155659 params, 12336 train windows
    epoch  0  val_acc 0.6115  (1s)
    epoch  5  val_acc 0.8591  (1s)
    epoch 10  val_acc 0.8978  (1s)
    epoch 15  val_acc 0.9180  (1s)
    epoch 20  val_acc 0.9427  (1s)
    epoch 25  val_acc 0.9675  (1s)
    epoch 30  val_acc 0.9768  (1s)
    epoch 35  val_acc 0.9706  (1s)
    early stop at epoch 38
    val 0.9768   test 0.9830   temperature 0.717

  fold 2: building group-state sequences ...
    155659 params, 12356 train windows
    epoch  0  val_acc 0.5433  (1s)
    epoch  5  val_acc 0.8421  (1s)
    epoch 10  val_acc 0.8777  (1s)
    epoch 15  val_acc 0.9443  (1s)
    epoch 20  val_acc 0.9536  (1s)
    epoch 25  val_acc 0.9582  (1s)
    early stop at epoch 29
    val 0.9783   test 0.9450   temperature 0.640

  fold 3: building group-state sequences ...
    155659 params, 12352 train windows
    epoch  0  val_acc 0.5929  (1s)
    epoch  5  val_acc 0.8189  (1s)
    epoch 10  val_acc 0.8824  (1s)
    epoch 15  val_acc 0.8870  (1s)
    epoch 20  val_acc 0.8777  (1s)
    epoch 25  val_acc 0.8854  (1s)
    epoch 30  val_acc 0.9025  (1s)
    epoch 35  val_acc 0.9025  (1s)
    early stop at epoch 37
    val 0.9118   test 0.9520   temperature 0.995

  fold 4: building group-state sequences ...
    155659 params, 12337 train windows
    epoch  0  val_acc 0.6173  (1s)
    epoch  5  val_acc 0.7886  (1s)
    epoch 10  val_acc 0.8673  (1s)
    epoch 15  val_acc 0.9321  (1s)
    epoch 20  val_acc 0.9522  (1s)
    epoch 25  val_acc 0.9444  (1s)
    epoch 30  val_acc 0.9815  (1s)
    epoch 35  val_acc 0.9815  (1s)
    epoch 39  val_acc 0.9784  (1s)
    val 0.9846   test 0.9634   temperature 0.681

GRU test accuracy over 5 folds: 0.9640 +- 0.0143
Wrote results/fish/gru_T128
Tag gru_T128, folds [0, 1, 2, 3, 4]

=== alpha = 0.05   (target coverage 0.95)
    empirical coverage   0.9820   95% CI [0.9773, 0.9862]
    mean set size        1.075   95% CI [1.065, 1.084]
    median set size      1.0
    singleton rate       0.928
    achieves target      True
    set-size distribution:
      |C| =  1   5989 windows ( 92.8%)  #######################################################
      |C| =  2    444 windows (  6.9%)  ####
      |C| =  3     17 windows (  0.3%)  
      |C| =  4      1 windows (  0.0%)  
    per-rule coverage:
      none-0   cov 1.000   mean |C| 1.00
      near-1   cov 0.990   mean |C| 1.03
      near-2   cov 0.998   mean |C| 1.05
      near-3   cov 0.978   mean |C| 1.08
      rand-1   cov 0.990   mean |C| 1.02
      rand-2   cov 0.968   mean |C| 1.10
      rand-3   cov 0.961   mean |C| 1.09
      infl-1   cov 0.974   mean |C| 1.07
      infl-2   cov 0.983   mean |C| 1.09
      infl-3   cov 0.973   mean |C| 1.19
      all-4    cov 0.988   mean |C| 1.09

=== alpha = 0.10   (target coverage 0.90)
    empirical coverage   0.9766   95% CI [0.9716, 0.9811]
    mean set size        1.039   95% CI [1.033, 1.045]
    median set size      1.0
    singleton rate       0.962
    achieves target      True
    set-size distribution:
      |C| =  1   6208 windows ( 96.2%)  #########################################################
      |C| =  2    236 windows (  3.7%)  ##
      |C| =  3      7 windows (  0.1%)  
    per-rule coverage:
      none-0   cov 1.000   mean |C| 1.00
      near-1   cov 0.988   mean |C| 1.01
      near-2   cov 0.991   mean |C| 1.03
      near-3   cov 0.974   mean |C| 1.03
      rand-1   cov 0.990   mean |C| 1.01
      rand-2   cov 0.959   mean |C| 1.05
      rand-3   cov 0.961   mean |C| 1.05
      infl-1   cov 0.968   mean |C| 1.03
      infl-2   cov 0.976   mean |C| 1.04
      infl-3   cov 0.959   mean |C| 1.11
      all-4    cov 0.976   mean |C| 1.05

=== alpha = 0.20   (target coverage 0.80)
    empirical coverage   0.9696   95% CI [0.9639, 0.9749]
    mean set size        1.016   95% CI [1.012, 1.019]
    median set size      1.0
    singleton rate       0.985
    achieves target      True
    set-size distribution:
      |C| =  1   6354 windows ( 98.5%)  ###########################################################
      |C| =  2     94 windows (  1.5%)  
      |C| =  3      3 windows (  0.0%)  
    per-rule coverage:
      none-0   cov 1.000   mean |C| 1.00
      near-1   cov 0.983   mean |C| 1.01
      near-2   cov 0.985   mean |C| 1.01
      near-3   cov 0.968   mean |C| 1.01
      rand-1   cov 0.985   mean |C| 1.00
      rand-2   cov 0.947   mean |C| 1.02
      rand-3   cov 0.949   mean |C| 1.02
      infl-1   cov 0.963   mean |C| 1.02
      infl-2   cov 0.971   mean |C| 1.02
      infl-3   cov 0.944   mean |C| 1.04
      all-4    cov 0.973   mean |C| 1.02

Wrote results/fish/gru_T128/conformal.json

Finished: Tue Jul 14 04:58:53 AM EDT 2026

------------------------------------------------------------
Sender: LSF System <lsfadmin@gpu16>
Subject: Job 694253[4]: <fish-long[1-9]> in cluster <Hazel> Done

Job <fish-long[1-9]> was submitted from host <login01.hpc.ncsu.edu> by user <cdondim> in cluster <Hazel> at Tue Jul 14 02:38:07 2026
Job was executed on host(s) <8*gpu16>, in queue <gpu>, as user <cdondim> in cluster <Hazel> at Tue Jul 14 04:54:14 2026
</home/cdondim> was used as the home directory.
</share/cads/cdondim/genmod_d> was used as the working directory.
Started at Tue Jul 14 04:54:14 2026
Terminated at Tue Jul 14 04:58:53 2026
Results reported at Tue Jul 14 04:58:53 2026

Your job looked like:

------------------------------------------------------------
# LSBATCH: User input
#!/bin/bash
#BSUB -J fish-long[1-9]
#BSUB -q gpu
#BSUB -R "select[h100||h200||l40s] rusage[mem=32] span[hosts=1]"
#BSUB -gpu "num=1"
#BSUB -n 8
#BSUB -W 24:00
#BSUB -o results/logs/fish-long.%J.%I.out
#BSUB -e results/logs/fish-long.%J.%I.err

# Fish case study: the LONG-WINDOW and ablation runs, as an LSF job array.
#
# Split of labour with the local RTX 4090:
#
#   local   T=16, T=32, T=64   -- cheap, on the critical path for the paper,
#                                 and guaranteed to finish before the deadline
#   Hazel   T=128, 256, 512    -- expensive (T=512 alone is ~12 h on a 4090),
#           + the ablations       and NOT on the critical path. If they land in
#                                 time they go in the paper; if not, future work.
#
# Cost scales roughly linearly in T: attention is O(A*T^2 + T*A^2) per window
# and the window count falls as 1/T. T=512 is about 7x a T=64 epoch, but it has
# only ~3k training windows, so the epoch budget is cut accordingly (a 120-epoch
# schedule there would overfit, not help).
#
# Array indices (LSF is 1-based):
#   1  transformer, invariant features, T=128
#   2  transformer, invariant features, T=256
#   3  transformer, invariant features, T=512
#   4  GRU baseline, T=128
#   5  GRU baseline, T=256
#   6  GRU baseline, T=512
#   7  ablation: raw ("all") features at T=64      -- the invariance comparison
#   8  ablation: basic (solo kinematics) at T=64   -- the relational comparison
#   9  ablation: no augmentation at T=64
#
# PREREQUISITE: data/fish/{runs.npz,splits.json,windows_T*.npz} must exist.
# They are produced by scripts/fish/01..06, which are CPU-only and take a few
# minutes. Run them once on a login node or in an interactive session:
#
#   python scripts/fish/01_inspect_agent_fish_data.py
#   python scripts/fish/02_create_rule_lookup.py
#   python scripts/fish/03_preprocess_agent_trajectories.py
#   python scripts/fish/04_create_grouped_splits.py
#   python scripts/fish/05_create_trajectory_windows.py
#   python scripts/fish/06_create_summary_features.py
#
# Submission (LSF uses a redirect):
#   bsub < hpc/hazel_lsf/fish_long_windows.sh


(... more ...)
------------------------------------------------------------

Successfully completed.

Resource usage summary:

    CPU time :                                   277.75 sec.
    Max Memory :                                 1 GB
    Average Memory :                             1.00 GB
    Total Requested Memory :                     32.00 GB
    Delta Memory :                               31.00 GB
    Max Swap :                                   -
    Max Processes :                              4
    Max Threads :                                23
    Run time :                                   290 sec.
    Turnaround time :                            8446 sec.

The output (if any) is above this job summary.



PS:

Read file <results/logs/fish-long.694253.4.err> for stderr output of this job.

