Traceback (most recent call last):
  File "/gpfs_common/share01/cads/cdondim/genmod_d/scripts/fish/09_train_fish_transformer.py", line 279, in <module>
    main()
  File "/gpfs_common/share01/cads/cdondim/genmod_d/scripts/fish/09_train_fish_transformer.py", line 267, in main
    r = run_fold(cfg, feats, offsets, labels, wins, fold, device, out_dir)
        ^^^^^^^^^^^^^^^^^^^^^^^^^^^^^^^^^^^^^^^^^^^^^^^^^^^^^^^^^^^^^^^^^^
  File "/gpfs_common/share01/cads/cdondim/genmod_d/scripts/fish/09_train_fish_transformer.py", line 185, in run_fold
    loss = lossfn(model(x), y)
                  ^^^^^^^^
  File "/usr/local/usrapps/cads/cdondim/genmod-env/lib/python3.11/site-packages/torch/nn/modules/module.py", line 1739, in _wrapped_call_impl
    return self._call_impl(*args, **kwargs)
           ^^^^^^^^^^^^^^^^^^^^^^^^^^^^^^^^
  File "/usr/local/usrapps/cads/cdondim/genmod-env/lib/python3.11/site-packages/torch/nn/modules/module.py", line 1750, in _call_impl
    return forward_call(*args, **kwargs)
           ^^^^^^^^^^^^^^^^^^^^^^^^^^^^^
  File "/gpfs_common/share01/cads/cdondim/genmod_d/genmod/models/traj_transformer.py", line 142, in forward
    return self.head(self._trunk(x))
                     ^^^^^^^^^^^^^^
  File "/gpfs_common/share01/cads/cdondim/genmod_d/genmod/models/traj_transformer.py", line 128, in _trunk
    h = temporal(h)
        ^^^^^^^^^^^
  File "/usr/local/usrapps/cads/cdondim/genmod-env/lib/python3.11/site-packages/torch/nn/modules/module.py", line 1739, in _wrapped_call_impl
    return self._call_impl(*args, **kwargs)
           ^^^^^^^^^^^^^^^^^^^^^^^^^^^^^^^^
  File "/usr/local/usrapps/cads/cdondim/genmod-env/lib/python3.11/site-packages/torch/nn/modules/module.py", line 1750, in _call_impl
    return forward_call(*args, **kwargs)
           ^^^^^^^^^^^^^^^^^^^^^^^^^^^^^
  File "/usr/local/usrapps/cads/cdondim/genmod-env/lib/python3.11/site-packages/torch/nn/modules/transformer.py", line 916, in forward
    x = x + self._ff_block(self.norm2(x))
            ^^^^^^^^^^^^^^^^^^^^^^^^^^^^^
  File "/usr/local/usrapps/cads/cdondim/genmod-env/lib/python3.11/site-packages/torch/nn/modules/transformer.py", line 947, in _ff_block
    x = self.linear2(self.dropout(self.activation(self.linear1(x))))
                                                  ^^^^^^^^^^^^^^^
  File "/usr/local/usrapps/cads/cdondim/genmod-env/lib/python3.11/site-packages/torch/nn/modules/module.py", line 1739, in _wrapped_call_impl
    return self._call_impl(*args, **kwargs)
           ^^^^^^^^^^^^^^^^^^^^^^^^^^^^^^^^
  File "/usr/local/usrapps/cads/cdondim/genmod-env/lib/python3.11/site-packages/torch/nn/modules/module.py", line 1750, in _call_impl
    return forward_call(*args, **kwargs)
           ^^^^^^^^^^^^^^^^^^^^^^^^^^^^^
  File "/usr/local/usrapps/cads/cdondim/genmod-env/lib/python3.11/site-packages/torch/nn/modules/linear.py", line 125, in forward
    return F.linear(input, self.weight, self.bias)
           ^^^^^^^^^^^^^^^^^^^^^^^^^^^^^^^^^^^^^^^
torch.OutOfMemoryError: CUDA out of memory. Tried to allocate 160.00 MiB. GPU 0 has a total capacity of 79.18 GiB of which 9.00 MiB is free. Process 800543 has 74.18 GiB memory in use. Process 1013153 has 3.70 GiB memory in use. Including non-PyTorch memory, this process has 1.28 GiB memory in use. Of the allocated memory 638.18 MiB is allocated by PyTorch, and 71.82 MiB is reserved by PyTorch but unallocated. If reserved but unallocated memory is large try setting PYTORCH_CUDA_ALLOC_CONF=expandable_segments:True to avoid fragmentation.  See documentation for Memory Management  (https://pytorch.org/docs/stable/notes/cuda.html#environment-variables)
