Traceback (most recent call last):
  File "/gpfs_common/share01/cads/cdondim/genmod_d/scripts/fish/09_train_fish_transformer.py", line 279, in <module>
    main()
  File "/gpfs_common/share01/cads/cdondim/genmod_d/scripts/fish/09_train_fish_transformer.py", line 267, in main
    r = run_fold(cfg, feats, offsets, labels, wins, fold, device, out_dir)
        ^^^^^^^^^^^^^^^^^^^^^^^^^^^^^^^^^^^^^^^^^^^^^^^^^^^^^^^^^^^^^^^^^^
  File "/gpfs_common/share01/cads/cdondim/genmod_d/scripts/fish/09_train_fish_transformer.py", line 185, in run_fold
    loss = lossfn(model(x), y)
                  ^^^^^^^^
  File "/usr/local/usrapps/cads/cdondim/genmod-env/lib/python3.11/site-packages/torch/nn/modules/module.py", line 1739, in _wrapped_call_impl
    return self._call_impl(*args, **kwargs)
           ^^^^^^^^^^^^^^^^^^^^^^^^^^^^^^^^
  File "/usr/local/usrapps/cads/cdondim/genmod-env/lib/python3.11/site-packages/torch/nn/modules/module.py", line 1750, in _call_impl
    return forward_call(*args, **kwargs)
           ^^^^^^^^^^^^^^^^^^^^^^^^^^^^^
  File "/gpfs_common/share01/cads/cdondim/genmod_d/genmod/models/traj_transformer.py", line 142, in forward
    return self.head(self._trunk(x))
                     ^^^^^^^^^^^^^^
  File "/gpfs_common/share01/cads/cdondim/genmod_d/genmod/models/traj_transformer.py", line 134, in _trunk
    h = social(h)
        ^^^^^^^^^
  File "/usr/local/usrapps/cads/cdondim/genmod-env/lib/python3.11/site-packages/torch/nn/modules/module.py", line 1739, in _wrapped_call_impl
    return self._call_impl(*args, **kwargs)
           ^^^^^^^^^^^^^^^^^^^^^^^^^^^^^^^^
  File "/usr/local/usrapps/cads/cdondim/genmod-env/lib/python3.11/site-packages/torch/nn/modules/module.py", line 1750, in _call_impl
    return forward_call(*args, **kwargs)
           ^^^^^^^^^^^^^^^^^^^^^^^^^^^^^
  File "/usr/local/usrapps/cads/cdondim/genmod-env/lib/python3.11/site-packages/torch/nn/modules/transformer.py", line 916, in forward
    x = x + self._ff_block(self.norm2(x))
            ^^^^^^^^^^^^^^^^^^^^^^^^^^^^^
  File "/usr/local/usrapps/cads/cdondim/genmod-env/lib/python3.11/site-packages/torch/nn/modules/transformer.py", line 947, in _ff_block
    x = self.linear2(self.dropout(self.activation(self.linear1(x))))
                     ^^^^^^^^^^^^^^^^^^^^^^^^^^^^^^^^^^^^^^^^^^^^^^
  File "/usr/local/usrapps/cads/cdondim/genmod-env/lib/python3.11/site-packages/torch/nn/modules/module.py", line 1739, in _wrapped_call_impl
    return self._call_impl(*args, **kwargs)
           ^^^^^^^^^^^^^^^^^^^^^^^^^^^^^^^^
  File "/usr/local/usrapps/cads/cdondim/genmod-env/lib/python3.11/site-packages/torch/nn/modules/module.py", line 1750, in _call_impl
    return forward_call(*args, **kwargs)
           ^^^^^^^^^^^^^^^^^^^^^^^^^^^^^
  File "/usr/local/usrapps/cads/cdondim/genmod-env/lib/python3.11/site-packages/torch/nn/modules/dropout.py", line 70, in forward
    return F.dropout(input, self.p, self.training, self.inplace)
           ^^^^^^^^^^^^^^^^^^^^^^^^^^^^^^^^^^^^^^^^^^^^^^^^^^^^^
  File "/usr/local/usrapps/cads/cdondim/genmod-env/lib/python3.11/site-packages/torch/nn/functional.py", line 1425, in dropout
    _VF.dropout_(input, p, training) if inplace else _VF.dropout(input, p, training)
                                                     ^^^^^^^^^^^^^^^^^^^^^^^^^^^^^^^
torch.OutOfMemoryError: CUDA out of memory. Tried to allocate 10.00 MiB. GPU 0 has a total capacity of 79.18 GiB of which 7.00 MiB is free. Process 800543 has 74.18 GiB memory in use. Process 1013153 has 3.70 GiB memory in use. Including non-PyTorch memory, this process has 1.28 GiB memory in use. Of the allocated memory 696.63 MiB is allocated by PyTorch, and 15.37 MiB is reserved by PyTorch but unallocated. If reserved but unallocated memory is large try setting PYTORCH_CUDA_ALLOC_CONF=expandable_segments:True to avoid fragmentation.  See documentation for Memory Management  (https://pytorch.org/docs/stable/notes/cuda.html#environment-variables)
